2025-11-19 18:07:07,596 - root - INFO - 开始大规模本地爬虫任务
2025-11-19 18:07:07,597 - crawling.enhanced_local_crawler - INFO - 开始从 13 个网站抓取内容
2025-11-19 18:07:07,773 - crawling.enhanced_local_crawler - WARNING - ⚠️ 中国政府网-最新政策: 未获取到文章
2025-11-19 18:07:07,774 - crawling.enhanced_local_crawler - INFO - 网站抓取: 1/13 (7.7%) - 完成 中国政府网-最新政策 (elapsed: 0s, ETA: 2s)
2025-11-19 18:07:09,892 - crawling.enhanced_local_crawler - WARNING - ⚠️ 生态环境部-时政要闻: 未获取到文章
2025-11-19 18:07:11,275 - crawling.enhanced_local_crawler - WARNING - ⚠️ 国家能源局-政策文件: 未获取到文章
2025-11-19 18:07:12,718 - utils.network - ERROR - HTTP error 404 for GET https://www.ndrc.gov.cn/202511/t20251110_1401469.html
2025-11-19 18:07:12,718 - utils.network - WARNING - Attempt 1 failed for get: 404 Client Error: Not Found for url: https://www.ndrc.gov.cn/202511/t20251110_1401469.html. Retrying in 1.18s
2025-11-19 18:07:13,009 - utils.network - ERROR - HTTP error 404 for GET http://www.mohurd.gov.cn/zcfb/index.html
2025-11-19 18:07:13,010 - utils.network - WARNING - Attempt 1 failed for get: 404 Client Error: Not Found for url: https://www.mohurd.gov.cn/zcfb/index.html. Retrying in 1.15s
2025-11-19 18:07:13,574 - crawling.enhanced_local_crawler - WARNING - ⚠️ 中国电力企业联合会: 未获取到文章
2025-11-19 18:07:14,510 - urllib3.connectionpool - WARNING - Retrying (Retry(total=2, connect=None, read=None, redirect=None, status=None)) after connection broken by 'NameResolutionError("<urllib3.connection.HTTPConnection object at 0x70b367f5e630>: Failed to resolve 'www.cresa.org.cn' ([Errno -2] Name or service not known)")': /
2025-11-19 18:07:15,593 - utils.network - ERROR - HTTP error 404 for GET https://www.ndrc.gov.cn/202511/t20251110_1401469.html
2025-11-19 18:07:15,594 - utils.network - WARNING - Attempt 2 failed for get: 404 Client Error: Not Found for url: https://www.ndrc.gov.cn/202511/t20251110_1401469.html. Retrying in 2.25s
2025-11-19 18:07:16,516 - urllib3.connectionpool - WARNING - Retrying (Retry(total=1, connect=None, read=None, redirect=None, status=None)) after connection broken by 'NameResolutionError("<urllib3.connection.HTTPConnection object at 0x70b367f5e810>: Failed to resolve 'www.cresa.org.cn' ([Errno -2] Name or service not known)")': /
2025-11-19 18:07:16,952 - utils.network - ERROR - HTTP error 404 for GET http://www.mohurd.gov.cn/zcfb/index.html
2025-11-19 18:07:16,952 - utils.network - WARNING - Attempt 2 failed for get: 404 Client Error: Not Found for url: https://www.mohurd.gov.cn/zcfb/index.html. Retrying in 2.35s
2025-11-19 18:07:17,991 - utils.network - ERROR - HTTP error 404 for GET https://www.ndrc.gov.cn/202511/t20251110_1401469.html
2025-11-19 18:07:17,991 - utils.network - WARNING - Attempt 3 failed for get: 404 Client Error: Not Found for url: https://www.ndrc.gov.cn/202511/t20251110_1401469.html. Retrying in 4.80s
2025-11-19 18:07:19,465 - utils.network - ERROR - HTTP error 404 for GET http://www.mohurd.gov.cn/zcfb/index.html
2025-11-19 18:07:19,466 - utils.network - WARNING - Attempt 3 failed for get: 404 Client Error: Not Found for url: https://www.mohurd.gov.cn/zcfb/index.html. Retrying in 4.45s
2025-11-19 18:07:20,523 - urllib3.connectionpool - WARNING - Retrying (Retry(total=0, connect=None, read=None, redirect=None, status=None)) after connection broken by 'NameResolutionError("<urllib3.connection.HTTPConnection object at 0x70b367eb3800>: Failed to resolve 'www.cresa.org.cn' ([Errno -2] Name or service not known)")': /
2025-11-19 18:07:20,530 - utils.network - ERROR - Connection error for GET http://www.cresa.org.cn/
2025-11-19 18:07:20,530 - utils.network - WARNING - Attempt 1 failed for get: HTTPConnectionPool(host='www.cresa.org.cn', port=80): Max retries exceeded with url: / (Caused by NameResolutionError("<urllib3.connection.HTTPConnection object at 0x70b367eb39b0>: Failed to resolve 'www.cresa.org.cn' ([Errno -2] Name or service not known)")). Retrying in 1.29s
2025-11-19 18:07:21,832 - urllib3.connectionpool - WARNING - Retrying (Retry(total=2, connect=None, read=None, redirect=None, status=None)) after connection broken by 'NameResolutionError("<urllib3.connection.HTTPConnection object at 0x70b367f5e1b0>: Failed to resolve 'www.cresa.org.cn' ([Errno -2] Name or service not known)")': /
2025-11-19 18:07:22,953 - utils.network - ERROR - HTTP error 404 for GET https://www.ndrc.gov.cn/202511/t20251110_1401469.html
2025-11-19 18:07:22,953 - utils.network - ERROR - Function get failed after 4 attempts: 404 Client Error: Not Found for url: https://www.ndrc.gov.cn/202511/t20251110_1401469.html
2025-11-19 18:07:22,953 - crawling.enhanced_local_crawler - INFO - ✅ 国家发展改革委-通知公告: 获取 1 篇文章
2025-11-19 18:07:22,954 - crawling.enhanced_local_crawler - INFO - 网站抓取: 5/13 (38.5%) - 完成 国家发展改革委-通知公告 (elapsed: 15s, ETA: 25s)
2025-11-19 18:07:23,841 - urllib3.connectionpool - WARNING - Retrying (Retry(total=1, connect=None, read=None, redirect=None, status=None)) after connection broken by 'NameResolutionError("<urllib3.connection.HTTPConnection object at 0x70b367f5f5f0>: Failed to resolve 'www.cresa.org.cn' ([Errno -2] Name or service not known)")': /
2025-11-19 18:07:23,949 - urllib3.connectionpool - WARNING - Retrying (Retry(total=2, connect=None, read=None, redirect=None, status=None)) after connection broken by 'NewConnectionError('<urllib3.connection.HTTPSConnection object at 0x70b367eb3e30>: Failed to establish a new connection: [Errno 113] No route to host')': /
2025-11-19 18:07:24,999 - utils.network - ERROR - HTTP error 404 for GET http://www.mohurd.gov.cn/zcfb/index.html
2025-11-19 18:07:24,999 - utils.network - ERROR - Function get failed after 4 attempts: 404 Client Error: Not Found for url: https://www.mohurd.gov.cn/zcfb/index.html
2025-11-19 18:07:24,999 - crawling.enhanced_local_crawler - ERROR - 抓取 住房和城乡建设部-政策发布 列表页失败: HTTP错误 404: http://www.mohurd.gov.cn/zcfb/index.html
2025-11-19 18:07:24,999 - crawling.enhanced_local_crawler - WARNING - ⚠️ 住房和城乡建设部-政策发布: 未获取到文章
2025-11-19 18:07:25,943 - crawling.enhanced_local_crawler - WARNING - ⚠️ 中国能源报: 未获取到文章
2025-11-19 18:07:25,991 - urllib3.connectionpool - WARNING - Retrying (Retry(total=1, connect=None, read=None, redirect=None, status=None)) after connection broken by 'NewConnectionError('<urllib3.connection.HTTPSConnection object at 0x70b367f5fd70>: Failed to establish a new connection: [Errno 113] No route to host')': /
2025-11-19 18:07:26,999 - crawling.enhanced_local_crawler - WARNING - ⚠️ 北极星电力网: 未获取到文章
2025-11-19 18:07:27,850 - urllib3.connectionpool - WARNING - Retrying (Retry(total=0, connect=None, read=None, redirect=None, status=None)) after connection broken by 'NameResolutionError("<urllib3.connection.HTTPConnection object at 0x70b367eb3020>: Failed to resolve 'www.cresa.org.cn' ([Errno -2] Name or service not known)")': /
2025-11-19 18:07:27,857 - utils.network - ERROR - Connection error for GET http://www.cresa.org.cn/
2025-11-19 18:07:27,857 - utils.network - WARNING - Attempt 2 failed for get: HTTPConnectionPool(host='www.cresa.org.cn', port=80): Max retries exceeded with url: / (Caused by NameResolutionError("<urllib3.connection.HTTPConnection object at 0x70b367dd8230>: Failed to resolve 'www.cresa.org.cn' ([Errno -2] Name or service not known)")). Retrying in 2.24s
2025-11-19 18:07:30,107 - urllib3.connectionpool - WARNING - Retrying (Retry(total=2, connect=None, read=None, redirect=None, status=None)) after connection broken by 'NameResolutionError("<urllib3.connection.HTTPConnection object at 0x70b367dd8c20>: Failed to resolve 'www.cresa.org.cn' ([Errno -2] Name or service not known)")': /
2025-11-19 18:07:30,317 - urllib3.connectionpool - WARNING - Retrying (Retry(total=0, connect=None, read=None, redirect=None, status=None)) after connection broken by 'NewConnectionError('<urllib3.connection.HTTPSConnection object at 0x70b367f68440>: Failed to establish a new connection: [Errno 113] No route to host')': /
2025-11-19 18:07:30,358 - utils.network - ERROR - Connection error for GET https://www.china-nengyuan.com/
2025-11-19 18:07:30,359 - utils.network - WARNING - Attempt 1 failed for get: HTTPSConnectionPool(host='www.china-nengyuan.com', port=443): Max retries exceeded with url: / (Caused by NewConnectionError('<urllib3.connection.HTTPSConnection object at 0x70b367dd8ec0>: Failed to establish a new connection: [Errno 113] No route to host')). Retrying in 1.30s
2025-11-19 18:07:31,699 - urllib3.connectionpool - WARNING - Retrying (Retry(total=2, connect=None, read=None, redirect=None, status=None)) after connection broken by 'NewConnectionError('<urllib3.connection.HTTPSConnection object at 0x70b367dd95b0>: Failed to establish a new connection: [Errno 113] No route to host')': /
2025-11-19 18:07:32,114 - urllib3.connectionpool - WARNING - Retrying (Retry(total=1, connect=None, read=None, redirect=None, status=None)) after connection broken by 'NameResolutionError("<urllib3.connection.HTTPConnection object at 0x70b367dd8cb0>: Failed to resolve 'www.cresa.org.cn' ([Errno -2] Name or service not known)")': /
2025-11-19 18:07:32,926 - crawling.enhanced_local_crawler - WARNING - ⚠️ 国际能源网: 未获取到文章
2025-11-19 18:07:32,971 - crawling.enhanced_local_crawler - WARNING - ⚠️ 清华大学能源互联网创新研究院: 未获取到文章
2025-11-19 18:07:32,971 - crawling.enhanced_local_crawler - INFO - 网站抓取: 10/13 (76.9%) - 完成 清华大学能源互联网创新研究院 (elapsed: 25s, ETA: 8s)
2025-11-19 18:07:33,743 - urllib3.connectionpool - WARNING - Retrying (Retry(total=1, connect=None, read=None, redirect=None, status=None)) after connection broken by 'NewConnectionError('<urllib3.connection.HTTPSConnection object at 0x70b367dd96d0>: Failed to establish a new connection: [Errno 113] No route to host')': /
2025-11-19 18:07:36,122 - urllib3.connectionpool - WARNING - Retrying (Retry(total=0, connect=None, read=None, redirect=None, status=None)) after connection broken by 'NameResolutionError("<urllib3.connection.HTTPConnection object at 0x70b367dd98b0>: Failed to resolve 'www.cresa.org.cn' ([Errno -2] Name or service not known)")': /
2025-11-19 18:07:36,129 - utils.network - ERROR - Connection error for GET http://www.cresa.org.cn/
2025-11-19 18:07:36,129 - utils.network - WARNING - Attempt 3 failed for get: HTTPConnectionPool(host='www.cresa.org.cn', port=80): Max retries exceeded with url: / (Caused by NameResolutionError("<urllib3.connection.HTTPConnection object at 0x70b367f680b0>: Failed to resolve 'www.cresa.org.cn' ([Errno -2] Name or service not known)")). Retrying in 4.61s
2025-11-19 18:07:37,784 - urllib3.connectionpool - WARNING - Retrying (Retry(total=0, connect=None, read=None, redirect=None, status=None)) after connection broken by 'NewConnectionError('<urllib3.connection.HTTPSConnection object at 0x70b3677ff290>: Failed to establish a new connection: [Errno 113] No route to host')': /
2025-11-19 18:07:37,829 - utils.network - ERROR - Connection error for GET https://www.china-nengyuan.com/
2025-11-19 18:07:37,829 - utils.network - WARNING - Attempt 2 failed for get: HTTPSConnectionPool(host='www.china-nengyuan.com', port=443): Max retries exceeded with url: / (Caused by NewConnectionError('<urllib3.connection.HTTPSConnection object at 0x70b3677ff650>: Failed to establish a new connection: [Errno 113] No route to host')). Retrying in 2.59s
2025-11-19 18:07:40,463 - urllib3.connectionpool - WARNING - Retrying (Retry(total=2, connect=None, read=None, redirect=None, status=None)) after connection broken by 'NewConnectionError('<urllib3.connection.HTTPSConnection object at 0x70b3677ffec0>: Failed to establish a new connection: [Errno 113] No route to host')': /
2025-11-19 18:07:41,422 - urllib3.connectionpool - WARNING - Retrying (Retry(total=2, connect=None, read=None, redirect=None, status=None)) after connection broken by 'NameResolutionError("<urllib3.connection.HTTPConnection object at 0x70b3678186b0>: Failed to resolve 'www.cresa.org.cn' ([Errno -2] Name or service not known)")': /
2025-11-19 18:07:42,409 - urllib3.connectionpool - WARNING - Retrying (Retry(total=1, connect=None, read=None, redirect=None, status=None)) after connection broken by 'NewConnectionError('<urllib3.connection.HTTPSConnection object at 0x70b3677fff80>: Failed to establish a new connection: [Errno 113] No route to host')': /
2025-11-19 18:07:43,332 - urllib3.connectionpool - WARNING - Retrying (Retry(total=1, connect=None, read=None, redirect=None, status=None)) after connection broken by 'NameResolutionError("<urllib3.connection.HTTPConnection object at 0x70b3678187d0>: Failed to resolve 'www.cresa.org.cn' ([Errno -2] Name or service not known)")': /
2025-11-19 18:07:46,453 - urllib3.connectionpool - WARNING - Retrying (Retry(total=0, connect=None, read=None, redirect=None, status=None)) after connection broken by 'NewConnectionError('<urllib3.connection.HTTPSConnection object at 0x70b3678189e0>: Failed to establish a new connection: [Errno 113] No route to host')': /
2025-11-19 18:07:46,492 - utils.network - ERROR - Connection error for GET https://www.china-nengyuan.com/
2025-11-19 18:07:46,493 - utils.network - WARNING - Attempt 3 failed for get: HTTPSConnectionPool(host='www.china-nengyuan.com', port=443): Max retries exceeded with url: / (Caused by NewConnectionError('<urllib3.connection.HTTPSConnection object at 0x70b367818dd0>: Failed to establish a new connection: [Errno 113] No route to host')). Retrying in 4.63s
2025-11-19 18:07:47,339 - urllib3.connectionpool - WARNING - Retrying (Retry(total=0, connect=None, read=None, redirect=None, status=None)) after connection broken by 'NameResolutionError("<urllib3.connection.HTTPConnection object at 0x70b367818bc0>: Failed to resolve 'www.cresa.org.cn' ([Errno -2] Name or service not known)")': /
2025-11-19 18:07:47,347 - utils.network - ERROR - Connection error for GET http://www.cresa.org.cn/
2025-11-19 18:07:47,347 - utils.network - ERROR - Function get failed after 4 attempts: HTTPConnectionPool(host='www.cresa.org.cn', port=80): Max retries exceeded with url: / (Caused by NameResolutionError("<urllib3.connection.HTTPConnection object at 0x70b367818f50>: Failed to resolve 'www.cresa.org.cn' ([Errno -2] Name or service not known)"))
2025-11-19 18:07:47,348 - crawling.enhanced_local_crawler - ERROR - 抓取 中国可再生能源学会 列表页失败: 连接失败: http://www.cresa.org.cn/
2025-11-19 18:07:47,348 - crawling.enhanced_local_crawler - WARNING - ⚠️ 中国可再生能源学会: 未获取到文章
2025-11-19 18:07:47,348 - crawling.enhanced_local_crawler - INFO - 网站抓取: 11/13 (84.6%) - 完成 中国可再生能源学会 (elapsed: 40s, ETA: 7s)
2025-11-19 18:07:51,159 - urllib3.connectionpool - WARNING - Retrying (Retry(total=2, connect=None, read=None, redirect=None, status=None)) after connection broken by 'NewConnectionError('<urllib3.connection.HTTPSConnection object at 0x70b3678194f0>: Failed to establish a new connection: [Errno 113] No route to host')': /
2025-11-19 18:07:53,208 - urllib3.connectionpool - WARNING - Retrying (Retry(total=1, connect=None, read=None, redirect=None, status=None)) after connection broken by 'NewConnectionError('<urllib3.connection.HTTPSConnection object at 0x70b3678195b0>: Failed to establish a new connection: [Errno 113] No route to host')': /
2025-11-19 18:07:57,249 - urllib3.connectionpool - WARNING - Retrying (Retry(total=0, connect=None, read=None, redirect=None, status=None)) after connection broken by 'NewConnectionError('<urllib3.connection.HTTPSConnection object at 0x70b367819760>: Failed to establish a new connection: [Errno 113] No route to host')': /
2025-11-19 18:07:57,294 - utils.network - ERROR - Connection error for GET https://www.china-nengyuan.com/
2025-11-19 18:07:57,294 - utils.network - ERROR - Function get failed after 4 attempts: HTTPSConnectionPool(host='www.china-nengyuan.com', port=443): Max retries exceeded with url: / (Caused by NewConnectionError('<urllib3.connection.HTTPSConnection object at 0x70b367819910>: Failed to establish a new connection: [Errno 113] No route to host'))
2025-11-19 18:07:57,294 - crawling.enhanced_local_crawler - ERROR - 抓取 中国新能源网 列表页失败: 连接失败: https://www.china-nengyuan.com/
2025-11-19 18:07:57,294 - crawling.enhanced_local_crawler - WARNING - ⚠️ 中国新能源网: 未获取到文章
2025-11-19 18:08:03,873 - urllib3.connectionpool - WARNING - Retrying (Retry(total=2, connect=None, read=None, redirect=None, status=None)) after connection broken by 'ConnectTimeoutError(<urllib3.connection.HTTPConnection object at 0x70b367f5f740>, 'Connection to www.eri.org.cn timed out. (connect timeout=30)')': /
2025-11-19 18:08:35,809 - urllib3.connectionpool - WARNING - Retrying (Retry(total=1, connect=None, read=None, redirect=None, status=None)) after connection broken by 'ConnectTimeoutError(<urllib3.connection.HTTPConnection object at 0x70b367819a60>, 'Connection to www.eri.org.cn timed out. (connect timeout=30)')': /
2025-11-19 18:09:09,698 - urllib3.connectionpool - WARNING - Retrying (Retry(total=0, connect=None, read=None, redirect=None, status=None)) after connection broken by 'ConnectTimeoutError(<urllib3.connection.HTTPConnection object at 0x70b367819c40>, 'Connection to www.eri.org.cn timed out. (connect timeout=30)')': /
